
> videoframe@0.0.0 build
> tsc -b && vite build

src/App.tsx(364,16): error TS2304: Cannot find name 'Type'.
