src/components/images/ImageUpscaler.tsx(1,28): error TS6133: 'useEffect' is declared but its value is never read.
